// Jest Snapshot v1, https://goo.gl/fbAQLP

exports[`MyComponent renders correctly 1`] = `
<div>
  <h1>
    Hello, Sathya!
  </h1>
</div>
`;
